V1(
    ModProfileV1 {
        supports: [],
        natives: [],
        packages: [
            Package(
                ModFile {
                    name: "test-pkg",
                    path: ".",
                    enabled: true,
                    optional: false,
                },
            ),
        ],
        savefile: None,
        start_online: None,
        disable_arxan: None,
    },
)
